[fatal] unhandledRejection: TypeError: spatialGrid.removePlayer is not a function
    at detachPlayer (D:\games\yandex\лайнэйдж\project-steam1\server\server.js:6157:32)
    at WebSocket.<anonymous> (D:\games\yandex\лайнэйдж\project-steam1\server\server.js:6065:11)
    at WebSocket.emit (node:events:531:35)
    at WebSocket.emitClose (D:\games\yandex\лайнэйдж\project-steam1\node_modules\ws\lib\websocket.js:279:10)
    at Socket.socketOnClose (D:\games\yandex\лайнэйдж\project-steam1\node_modules\ws\lib\websocket.js:1360:15)
    at Socket.emit (node:events:519:28)
    at TCP.<anonymous> (node:net:346:12)
[fatal] unhandledRejection: TypeError: spatialGrid.removePlayer is not a function
    at detachPlayer (D:\games\yandex\лайнэйдж\project-steam1\server\server.js:6157:32)
    at WebSocket.<anonymous> (D:\games\yandex\лайнэйдж\project-steam1\server\server.js:6065:11)
    at WebSocket.emit (node:events:531:35)
    at WebSocket.emitClose (D:\games\yandex\лайнэйдж\project-steam1\node_modules\ws\lib\websocket.js:279:10)
    at Socket.socketOnClose (D:\games\yandex\лайнэйдж\project-steam1\node_modules\ws\lib\websocket.js:1360:15)
    at Socket.emit (node:events:519:28)
    at TCP.<anonymous> (node:net:346:12)
[fatal] unhandledRejection: TypeError: spatialGrid.removePlayer is not a function
    at detachPlayer (D:\games\yandex\лайнэйдж\project-steam1\server\server.js:6157:32)
    at WebSocket.<anonymous> (D:\games\yandex\лайнэйдж\project-steam1\server\server.js:6065:11)
    at WebSocket.emit (node:events:531:35)
    at WebSocket.emitClose (D:\games\yandex\лайнэйдж\project-steam1\node_modules\ws\lib\websocket.js:279:10)
    at Socket.socketOnClose (D:\games\yandex\лайнэйдж\project-steam1\node_modules\ws\lib\websocket.js:1360:15)
    at Socket.emit (node:events:519:28)
    at TCP.<anonymous> (node:net:346:12)
[fatal] unhandledRejection: TypeError: spatialGrid.removePlayer is not a function
    at detachPlayer (D:\games\yandex\лайнэйдж\project-steam1\server\server.js:6157:32)
    at WebSocket.<anonymous> (D:\games\yandex\лайнэйдж\project-steam1\server\server.js:6065:11)
    at WebSocket.emit (node:events:531:35)
    at WebSocket.emitClose (D:\games\yandex\лайнэйдж\project-steam1\node_modules\ws\lib\websocket.js:279:10)
    at Socket.socketOnClose (D:\games\yandex\лайнэйдж\project-steam1\node_modules\ws\lib\websocket.js:1360:15)
    at Socket.emit (node:events:519:28)
    at TCP.<anonymous> (node:net:346:12)
[fatal] unhandledRejection: TypeError: spatialGrid.removePlayer is not a function
    at detachPlayer (D:\games\yandex\лайнэйдж\project-steam1\server\server.js:6157:32)
    at WebSocket.<anonymous> (D:\games\yandex\лайнэйдж\project-steam1\server\server.js:6065:11)
    at WebSocket.emit (node:events:531:35)
    at WebSocket.emitClose (D:\games\yandex\лайнэйдж\project-steam1\node_modules\ws\lib\websocket.js:279:10)
    at Socket.socketOnClose (D:\games\yandex\лайнэйдж\project-steam1\node_modules\ws\lib\websocket.js:1360:15)
    at Socket.emit (node:events:519:28)
    at TCP.<anonymous> (node:net:346:12)
[fatal] unhandledRejection: TypeError: spatialGrid.removePlayer is not a function
    at detachPlayer (D:\games\yandex\лайнэйдж\project-steam1\server\server.js:6157:32)
    at WebSocket.<anonymous> (D:\games\yandex\лайнэйдж\project-steam1\server\server.js:6065:11)
    at WebSocket.emit (node:events:531:35)
    at WebSocket.emitClose (D:\games\yandex\лайнэйдж\project-steam1\node_modules\ws\lib\websocket.js:279:10)
    at Socket.socketOnClose (D:\games\yandex\лайнэйдж\project-steam1\node_modules\ws\lib\websocket.js:1360:15)
    at Socket.emit (node:events:519:28)
    at TCP.<anonymous> (node:net:346:12)
[fatal] unhandledRejection: TypeError: spatialGrid.removePlayer is not a function
    at detachPlayer (D:\games\yandex\лайнэйдж\project-steam1\server\server.js:6157:32)
    at WebSocket.<anonymous> (D:\games\yandex\лайнэйдж\project-steam1\server\server.js:6065:11)
    at WebSocket.emit (node:events:531:35)
    at WebSocket.emitClose (D:\games\yandex\лайнэйдж\project-steam1\node_modules\ws\lib\websocket.js:279:10)
    at Socket.socketOnClose (D:\games\yandex\лайнэйдж\project-steam1\node_modules\ws\lib\websocket.js:1360:15)
    at Socket.emit (node:events:519:28)
    at TCP.<anonymous> (node:net:346:12)
[fatal] unhandledRejection: TypeError: spatialGrid.removePlayer is not a function
    at detachPlayer (D:\games\yandex\лайнэйдж\project-steam1\server\server.js:6157:32)
    at WebSocket.<anonymous> (D:\games\yandex\лайнэйдж\project-steam1\server\server.js:6065:11)
    at WebSocket.emit (node:events:531:35)
    at WebSocket.emitClose (D:\games\yandex\лайнэйдж\project-steam1\node_modules\ws\lib\websocket.js:279:10)
    at Socket.socketOnClose (D:\games\yandex\лайнэйдж\project-steam1\node_modules\ws\lib\websocket.js:1360:15)
    at Socket.emit (node:events:519:28)
    at TCP.<anonymous> (node:net:346:12)
[fatal] unhandledRejection: TypeError: spatialGrid.removePlayer is not a function
    at detachPlayer (D:\games\yandex\лайнэйдж\project-steam1\server\server.js:6157:32)
    at WebSocket.<anonymous> (D:\games\yandex\лайнэйдж\project-steam1\server\server.js:6065:11)
    at WebSocket.emit (node:events:531:35)
    at WebSocket.emitClose (D:\games\yandex\лайнэйдж\project-steam1\node_modules\ws\lib\websocket.js:279:10)
    at Socket.socketOnClose (D:\games\yandex\лайнэйдж\project-steam1\node_modules\ws\lib\websocket.js:1360:15)
    at Socket.emit (node:events:519:28)
    at TCP.<anonymous> (node:net:346:12)
[fatal] unhandledRejection: TypeError: spatialGrid.removePlayer is not a function
    at detachPlayer (D:\games\yandex\лайнэйдж\project-steam1\server\server.js:6157:32)
    at WebSocket.<anonymous> (D:\games\yandex\лайнэйдж\project-steam1\server\server.js:6065:11)
    at WebSocket.emit (node:events:531:35)
    at WebSocket.emitClose (D:\games\yandex\лайнэйдж\project-steam1\node_modules\ws\lib\websocket.js:279:10)
    at Socket.socketOnClose (D:\games\yandex\лайнэйдж\project-steam1\node_modules\ws\lib\websocket.js:1360:15)
    at Socket.emit (node:events:519:28)
    at TCP.<anonymous> (node:net:346:12)
[fatal] uncaughtException: ReferenceError: c is not defined
    at get combatPack (D:\games\yandex\лайнэйдж\project-steam1\server\server.js:631:14)
    at playerCon (D:\games\yandex\лайнэйдж\project-steam1\server\server.js:1034:23)
    at playerWeightState (D:\games\yandex\лайнэйдж\project-steam1\server\server.js:1041:26)
    at tickPlayerRegen (D:\games\yandex\лайнэйдж\project-steam1\server\handlers\player-regen-handler.js:127:9)
    at Timeout.tick [as _onTimeout] (D:\games\yandex\лайнэйдж\project-steam1\server\server.js:6099:5)
    at listOnTimeout (node:internal/timers:585:17)
    at process.processTimers (node:internal/timers:521:7)
